<!DOCTYPE html>
<html lang="en">
<head>
  <meta charset="UTF-8">
  <meta http-equiv="X-UA-Compatible" content="IE=edge">
  <meta name="viewport" content="width=device-width, initial-scale=1.0">
  <title>Bán chó Golden</title>

  <!-- font awesome cdn link  -->
  <link rel="stylesheet" href="https://cdnjs.cloudflare.com/ajax/libs/font-awesome/5.15.4/css/all.min.css">

  <!-- custom css file link  -->
  <link rel="stylesheet" href="../css/style.css">

  <!-- google font-->
  <link href="https://fonts.googleapis.com/icon?family=Material+Icons" rel="stylesheet">


</head>
<body>
<!-- header section starts  -->
<header class="header">

  <a href="../../Homepage.html" class="logo"> <img class="LG" src="../../img/PETSHOP.png" alt=""> PetShop </a>

  <form action="" class="search-form">
    <input type="search" id="search-box" placeholder="search here...">
    <label for="search-box" class="fas fa-search"></label>
  </form>

  <div class="icons">
<!--    <div id="menu-btn" class="fas fa-bars"></div>-->
    <a href="#" class="fas fa-user"></a>
    <a href="#" class="fas fa-plus-square"></a>
    <a href="#" class="fas fa-shopping-cart"></a>
  </div>

</header>
<!-- breadcrumb -->
<div class="breadcrumb">
  <div class="breadcrumb-container">
    <div class="breadcrumb-list">
      <a href="../../Homepage.html">Home</a>
      <i class="material-icons">&#xe315;</i>
      <p>Golden</p>
    </div>
  </div>
</div>
<!-- container -->
<div class="container">
  <div class="page-block">
    <div class="page-block-header">
      <h1 class="page-block-header-title">Golden</h1>
    </div>
    <ul class="page-block-product">
      <li id="product-1">
        <div class="product-card">
          <a class="product-link" href="#">
            <div class="product-card-top">
              <img src="img/Golden/Golden-Vang-Bo-C12494-1-375x375.jpg" alt="Golden Vàng Bò"
                   width="375" height="375">
            </div>
            <div class="product-card-content">
              <h3 class="product-card-title">Golden Vàng Bò Đực C12494</h3>
              <p class="product-card_price">
                <span class="product-card_price-ins">13,857,000 ₫</span>
              </p>
            </div>
          </a>
        </div>
      </li>
      <li id="product-2">
        <div class="product-card">
          <a class="product-link" href="#">
            <div class="product-card-top">
              <img src="img/Golden/C12161-1-375x375.jpg" alt="Golden Retriever Vàng Bò"
                   width="375" height="375">
            </div>
            <div class="product-card-content">
              <h3 class="product-card-title">Golden Retriever Vàng Bò Đực C12161</h3>
              <p class="product-card_price">
                <span class="product-card_price-ins">13,847,000 ₫</span>
              </p>
            </div>
          </a>
        </div>
      </li>
      <li id="product-3">
        <div class="product-card">
          <a class="product-link" href="#">
            <div class="product-card-top">
              <img src="img/Golden/Golden-Retriever-Vang-Kim-C12449-1.jpg" alt="Golden Retriever Vàng Kim"
                   width="1000" height="1000">
            </div>
            <div class="product-card-content">
              <h3 class="product-card-title">Golden Retriever Vàng Kim Đực C12449</h3>
              <p class="product-card_price">
                <span class="product-card_price-ins">13,900,000 ₫</span>
              </p>
            </div>
          </a>
        </div>
      </li>
      <li id="product-4">
        <div class="product-card">
          <a class="product-link" href="#">
            <div class="product-card-top">
              <img src="img/Golden/Golden-Retriever-Vang-Kim-C12448-1.jpg" alt="Golden Retriever Vàng Kim"
                   width="1000" height="1000">
            </div>
            <div class="product-card-content">
              <h3 class="product-card-title">Golden Retriever Vàng Kim Đực C12448</h3>
              <p class="product-card_price">
                <span class="product-card_price-ins">13,900,000 ₫</span>
              </p>
            </div>
          </a>
        </div>
      </li>
      <li id="product-5">
        <div class="product-card">
          <a class="product-link" href="#">
            <div class="product-card-top">
              <img src="img/Golden/Golden-Retriever-Vang-Kim-C12447-1-375x375.jpg" alt="Golden Vàng Bò"
                   height="375" width="375"/>
            </div>
            <div class="product-card-content">
              <h3 class="product-card-title">Golden Retriever Vàng Kim Đực C12447</h3>
              <p class="product-card_price">
                <span class="product-card_price-ins">13,900,000 ₫</span>
              </p>
            </div>
          </a>
        </div>
      </li>
      <li id="product-6">
        <div class="product-card">
          <a class="product-link" href="#">
            <div class="product-card-top">
              <img src="img/Golden/Golden-Retriever-Vang-Kim-C12301-1-375x375.jpg" alt="Golden Retriever Vàng Kim"
                   width="375" height="375">
            </div>
            <div class="product-card-content">
              <h3 class="product-card-title">Golden Retriever Vàng Kim Cái C12301</h3>
              <p class="product-card_price">
                <span class="product-card_price-ins">13,900,000 ₫</span>
              </p>
            </div>
          </a>
        </div>
      </li>
      <li id="product-7">
        <div class="product-card">
          <a class="product-link" href="#">
            <div class="product-card-top">
              <img src="img/Golden/Golden-Retriever-Vang-Kim-C12300-1-375x375.jpg" alt="Golden Retriever Vàng Kim"
                   height="375" width="375"/>
            </div>
            <div class="product-card-content">
              <h3 class="product-card-title">Golden Retriever Vàng Kim Đực C12300</h3>
              <p class="product-card_price">
                <span class="product-card_price-ins">13,900,000 ₫</span>
              </p>
            </div>
          </a>
        </div>
      </li>
      <li id="product-8">
        <div class="product-card">
          <a class="product-link" href="#">
            <div class="product-card-top">
              <img src="img/Golden/Golden-Retriever-Vang-Kim-C12261-1-375x375.jpg" alt="Golden Retriever Vàng Kim"
                   height="375" width="375"/>
            </div>
            <div class="product-card-content">
              <h3 class="product-card-title">Golden Retriever Vàng Kim Cái C12261</h3>
              <p class="product-card_price">
                <span class="product-card_price-ins">13,900,000 ₫</span>
              </p>
            </div>
          </a>
        </div>
      </li>
      <li id="product-9">
        <div class="product-card">
          <a class="product-link" href="#">
            <div class="product-card-top">
              <img src="img/Golden/Golden-Retriever-Vang-Kim-C12260-1-375x375.jpg" alt="Golden Retriever Vàng Kim"
                   width="375" height="375">
            </div>
            <div class="product-card-content">
              <h3 class="product-card-title">Golden Retriever Vàng Kim Đực C12260</h3>
              <p class="product-card_price">
                <span class="product-card_price-ins">13,900,000 ₫</span>
              </p>
            </div>
          </a>
        </div>
      </li>
      <li id="product-10">
        <div class="product-card">
          <a class="product-link" href="#">
            <div class="product-card-top">
              <img src="img/Golden/C12142-1-375x375.jpg" alt="Golden Retriever Vàng Kim"
                   width="375" height="375">
            </div>
            <div class="product-card-content">
              <h3 class="product-card-title">Golden Retriever Vàng Kim Đực C12142</h3>
              <p class="product-card_price">
                <span class="product-card_price-ins">13,900,000 ₫</span>
              </p>
            </div>
          </a>
        </div>
      </li>
      <li id="product-11">
        <div class="product-card">
          <a class="product-link" href="#">
            <div class="product-card-top">
              <img src="img/Golden/C12102-1-375x375.jpg" alt="Golden Retriever Vàng Kim"
                   width="375" height="375">
            </div>
            <div class="product-card-content">
              <h3 class="product-card-title">Golden Retriever Vàng Kim C12102</h3>
              <p class="product-card_price">
                <span class="product-card_price-ins">13,900,000 ₫</span>
              </p>
            </div>
          </a>
        </div>
      </li>
      <li id="product-12">
        <div class="product-card">
          <a class="product-link" href="#">
            <div class="product-card-top">
              <img src="img/Golden/C12101-1-1-375x375.jpg" alt="Golden Retriever Vàng Kim"
                   width="375" height="375">
            </div>
            <div class="product-card-content">
              <h3 class="product-card-title">Golden Retriever Vàng Kim C12101</h3>
              <p class="product-card_price">
                <span class="product-card_price-ins">13,900,000 ₫</span>
              </p>
            </div>
          </a>
        </div>
      </li>
    </ul>
  </div>
</div>
<!-- footer -->
<footer class="container-footer">
  <div class="footer-wrap">
    <div class="row">
      <div class="column">
        <h3 class="col-title">TẢI ỨNG DỤNG CHỢ PET</h3>
        <div class="store-content">
          <div class="qrcode">
            <div>
              <img class="qrcode-img" src="../../img/qrcode.jpg" alt="">
            </div>
          </div>
          <div class="link">
            <a class="store-item " href="">
              <img class="img-chplay imges" src="../../img/ggplay.png" alt="">
            </a>
            <a class="store-item " href="">
              <img class="img-appstore imges " src="../../img/appstore.png" alt="">
            </a>
          </div>
        </div>
      </div>
      <div class="column">
        <h3 class="col-title">HỖ TRỢ KHÁCH HÀNG</h3>
        <ul class="footer-list">
          <li><a href="" class="items">Liên hệ hỗ trợ</a></li>
          <li><a href="" class="items">Những câu hỏi thường gặp</a></li>
          <li><a href="" class="items">Chính sách bảo mật thông tin</a></li>
          <li><a href="" class="items">Cơ chế giải quyết khiếu nại tranh chấp</a></li>
        </ul>
      </div>
      <div class="column">
        <h3 class="col-title">VỀ CHÚNG TÔI</h3>
        <ul class="footer-list">
          <li><a href="" class="items">Giới thiệu</a></li>
          <li><a href="" class="items">Tuyển dụng</a></li>
          <li><a href="" class="items">Quy chế hoạt động</a></li>
        </ul>
      </div>
      <div class="column">
        <h3 class="col-title">Liên Hệ</h3>
        <div class="icons-lh">
          <a href="" class="contact-item">
            <i class="fab fa-facebook"></i>
          </a>
          <a href="" class="contact-item">
            <i class="fas fa-mobile-alt"></i>
          </a>
        </div>
        <h3 class="col-title-1">CHỨNG NHẬN</h3>
        <a href="" class="contact">
          <img src="../../img/DDK.png" alt="" class="DDK">
        </a>
      </div>
    </div>
  </div>
  <section class="section-wrap">
    <div class="container-section">
      <div class="my-address">
        <p>Địa chỉ:___________________ Thành phố Hồ Chí Minh, Việt Nam</p>
        <p>
          <a href="mailto:19130082@st.hcmuaf.edu.vn"> Email: 19130082@st.hcmuaf.edu.vn  </a>
          <span>-</span>
          <a href="tel:0372820810"> Đường dây nóng: 0372820810</a>
        </p>
      </div>
    </div>
  </section>

</footer>
</body>
</html>
